- header:
    model: VX
    nvue-api-version: nvue_v1
    rev-id: 1.0
    version: Cumulus Linux 5.6.0
- set:
    evpn:
      enable: on
    interface:
      lo:
        ip:
          address:
            127.0.0.1/32: {}
        type: loopback
      pf0dpu1_if:
        ip:
          address:
            169.254.169.253/30: {}
      p0_if:
        type: swp
      p1_if:
        type: swp
 
      pf0hpf_if:
        type: swp
        acl: 
          deny_prefixes_ipv4:
            inbound: {}
          security_group_ipv4_in: 
            inbound: {}
          security_group_ipv6_in:
            inbound: {}
          security_group_ipv4_out: 
            outbound: {}
          security_group_ipv6_out: 
            outbound: {} 
        ip:
          address:
            192.168.0.0/16: {} 
          vrf: vpc_0 
    nve:
      vxlan:
        arp-nd-suppress: on
        enable: on
        source:
          address: 127.0.0.1 
    router:
      bgp:
        autonomous-system: 65535 
        enable: on
        router-id: 127.0.0.1
      vrr:
        enable: on
      policy:
        prefix-list:
          dpu_from_instance: 
            rule:
              '10':
                action: permit
                match:
                  0.0.0.0/0:
                    min-prefix-len: 32
        route-map:
          dpu_to_instance:
            rule:
              '10':
                action:
                  deny: {}
    vrf:
      default:
        router:
          nexthop-tracking:
            ipv4:
              resolved-via-default: on
          bgp:
            address-family:
              ipv4-unicast:
                enable: on
                multipaths:
                  ebgp: 128
                redistribute:
                  connected:
                    enable: on
              l2vpn-evpn:
                enable: on
            enable: on
            neighbor:
              p0_if:
                peer-group: underlay
                type: unnumbered
              p1_if:
                peer-group: underlay
                type: unnumbered
            path-selection:
              multipath:
                aspath-ignore: on
            peer-group:
              routeserver:
                address-family:
                  ipv4-unicast:
                    enable: off
                  l2vpn-evpn:
                    enable: on
                multihop-ttl: 255
                remote-as: external
                update-source: lo
              underlay:
                remote-as: external
      vpc_0: 
        evpn:
          enable: on
          vni:
            '0': {} 
        loopback:
          ip:
            address:
              10.1.1.1/32: {} 
        router:
          bgp:
            address-family:
              ipv4-unicast:
                enable: on
                redistribute:
                  connected:
                    enable: on
                route-export:
                  to-evpn:
                    enable: on
            enable: on
            neighbor:
              192.168.0.12:
                passive-mode: on
                peer-group: tenant
                type: numbered
            peer-group:
              tenant:
                address-family:
                  ipv4-unicast:
                    policy:
                      inbound:
                        prefix-list: dpu_from_instance
                      outbound:
                        route-map: dpu_to_instance
                nexthop-connected-check: off
                remote-as: external
                timers:
                  connection-retry: 10
                  hold: 9
                  keepalive: 3
                  route-advertisement: none
            route-export:
              to-evpn:
                route-target:
                  11414:0: {}
            route-import:
              from-evpn:
                route-target:
                  11414:1337: {}
                  11414:0: {}
                  auto: {}
    acl:
      dhcp_flood_prevention:
        rule: 
          '10':
            action:
              deny: {}
            hw-offload: off
            match:
              ip:
                dest-ip: 255.255.255.255
                dest-port:
                  '67': {}
                protocol: udp
                source-port:
                  '68': {}
        type: ipv4
      deny_prefixes_ipv4:
        type: ipv4
        rule:
          '1000':
            action:
              deny: {}
            match:
              ip:
                dest-ip: 1.1.1.1/32
      security_group_ipv4_in: 
        rule:
          '65535':
            action:
              deny: {}
        type: ipv4
      security_group_ipv6_in: 
        rule:
          '65535':
            action:
              deny: {}
        type: ipv6
      security_group_ipv4_out: 
        rule:
          '2000':
            action:
              DENY: {}
            match:
              ip:
                dest-ip: 0.0.0.0/0
                dest-port:
                  '80': {} 
                protocol: TCP
                source-ip: 0.0.0.0/0
                source-port:
                  '80': {}
          '2001':
            action:
              DENY: {}
            match:
              ip:
                dest-ip: 0.0.0.0/0
                dest-port:
                  '81': {} 
                protocol: TCP
                source-ip: 0.0.0.0/0
                source-port:
                  '80': {}
          '2002':
            action:
              DENY: {}
            match:
              ip:
                dest-ip: 0.0.0.0/0
                dest-port:
                  '80': {} 
                protocol: TCP
                source-ip: 0.0.0.0/0
                source-port:
                  '81': {}
          '2003':
            action:
              DENY: {}
            match:
              ip:
                dest-ip: 0.0.0.0/0
                dest-port:
                  '81': {} 
                protocol: TCP
                source-ip: 0.0.0.0/0
                source-port:
                  '81': {}
          '65535':
            action:
              deny: {}
        type: ipv4
      security_group_ipv6_out: 
        rule:
          '65535':
            action:
              deny: {}
        type: ipv6
